פûגאפûגא